score each crossover methods:  [4.0536528482996115, 1.548098147773082, 2.745717519178893]
200
solution value 1760
1 2 3 5 4 6 7 8 10 9 11 12 13 15 16 14 17 18 19 20 21 23 22 24 25 26 29 28 32 33 34 27 31 30 36 35 38 39 37 40 41 43 42 44 46 45 47 48 50 52 49 51 53 55 54 56 57 59 58 60 61 63 62 64 69 66 65 67 68 70 72 71 74 75 73 76 77 80 78 79 82 81 85 84 83 86 87 88 90 91 92 93 89 94 95 96 97 98 99 100 103 102 106 101 105 104 107 108 109 110 111 112 114 113 116 115 117 119 120 118 121 123 125 124 122 126 129 127 131 130 128 133 132 134 135 137 138 141 140 136 142 139 145 144 143 148 146 147 150 151 153 152 149 154 155 156 157 159 158 160 161 162 164 163 165 166 167 168 169 170 171 172 173 174 175 177 176 178 179 180 181 184 183 182 185 186 188 189 187 190 191 192 193 194 195 196 197 198 199 200
Execution time: 183.0880 seconds