Status: INFEASIBLE
Best sol: [NOT_FEASIBLE]
Cost: 0
Solve Time: 246.10 secs
