score each crossover methods:  [1.8863527169062586, 1.1978526311011306, 1.3196209992719607]
200
solution value 2980
1 5 8 4 2 14 18 19 9 10 11 12 23 22 29 28 30 31 33 34 16 15 13 27 26 21 32 6 7 3 41 17 35 60 55 54 71 72 25 24 46 45 44 20 76 77 78 79 51 50 49 74 73 48 47 62 63 64 39 87 86 85 84 83 82 81 80 109 97 67 66 65 117 116 90 91 92 59 120 56 57 123 137 138 100 99 98 40 110 111 112 113 114 115 75 88 89 134 133 132 131 107 106 105 69 108 58 145 68 176 175 151 152 127 126 147 148 171 172 173 187 188 189 52 53 42 43 162 163 164 191 190 95 96 149 150 36 37 38 165 166 143 142 141 161 160 159 158 121 122 118 119 197 196 195 194 140 139 70 193 192 135 136 146 200 199 198 184 183 128 129 130 177 178 125 124 174 104 103 167 168 169 170 182 181 180 179 155 156 157 94 93 153 154 185 186 101 102 144 61
Execution time: 182.3778 seconds