Status: INFEASIBLE
Best sol: [NOT_FEASIBLE]
Cost: 0
Solve Time: 100.50 secs
