score each crossover methods:  [3.720082643674611, 1.5629806261862713, 2.139766150178719]
150
solution value 1331
1 2 3 4 5 6 7 8 9 11 12 10 13 14 15 16 17 18 21 20 23 19 22 24 26 27 25 30 28 31 33 36 29 32 34 35 37 39 38 40 42 41 45 43 46 47 44 49 50 48 53 52 51 55 54 56 58 57 61 60 62 63 59 64 65 66 69 68 70 71 67 72 73 74 75 76 77 78 79 80 81 83 85 84 86 82 87 89 90 91 92 88 93 95 96 94 98 99 101 97 103 102 100 106 107 108 109 104 110 105 111 112 114 116 115 118 119 113 120 121 117 124 125 127 126 128 123 129 131 132 130 134 135 136 138 133 141 142 140 122 144 145 146 139 147 137 150 149 143 148
Execution time: 136.6889 seconds: