Status: INFEASIBLE
Best sol: [NOT_FEASIBLE]
Cost: 0
Solve Time: 2.17 secs
