Status: INFEASIBLE
Best sol: [NOT_FEASIBLE]
Solve Time: 0.22 secs
