Status: INFEASIBLE
Best sol: [17, 5, 34, 30, 20, 36, 39, 35, 32, 19, 14, 2, 46, 49, 6, 15, 48, 31, 44, 37, 1, 38, 7, 27, 16, 21, 11, 47, 45, 25, 3, 12, 40, 18, 33, 43, 28, 9, 23, 24, 42, 26, 22, 10, 29, 50, 8, 41, 13, 4]
Cost: 224
Solve Time: 5.03 secs
