Status: INFEASIBLE
Best sol: [4, 13, 41, 8, 50, 1, 37, 44, 31, 48, 15, 6, 49, 46, 2, 14, 19, 29, 10, 22, 26, 42, 24, 35, 32, 23, 9, 28, 43, 33, 18, 40, 12, 3, 25, 45, 47, 11, 21, 16, 27, 7, 38, 39, 36, 20, 30, 34, 5, 17]
Cost: 251
Solve Time: 2.61 secs
