Status: INFEASIBLE
Best sol: [19, 13, 7, 11, 20, 16, 14, 17, 8, 9, 5, 1, 18, 4, 6, 3, 15, 2, 10, 12]
Solve Time: 17.71 secs
