Status: INFEASIBLE
Best sol: [1, 2, 3, 4, 5, 6, 7, 8, 9, 10, 11, 12, 13, 14, 15, 16, 17, 18, 19, 20]
Violations: 0
Cost: 1162
Solve Time: 0.21 secs
