Status: INFEASIBLE
Best sol: [12, 10, 2, 15, 3, 6, 8, 17, 9, 5, 1, 16, 14, 20, 4, 18, 11, 7, 13, 19]
Cost: 222
Solve Time: 0.34 secs
